../Core/Src/main.c:126:5:main	8	static
../Core/Src/main.c:192:6:SystemClock_Config	88	static
../Core/Src/main.c:234:6:uart_RX2_task	4	static
../Core/Src/main.c:271:6:uart_RX1_task	4	static
../Core/Src/main.c:319:6:led_display_task	8	static
../Core/Src/main.c:334:6:task_timer	4	static
../Core/Src/main.c:359:6:key_read_task	16	static
../Core/Src/main.c:399:6:main_task	4	static
../Core/Src/main.c:486:6:TX_delay_decrease	4	static
../Core/Src/main.c:494:6:uart_TX1_task	8	static
../Core/Src/main.c:507:6:uart_TX2_task	8	static
../Core/Src/main.c:521:6:setEvent	16	static
../Core/Src/main.c:532:15:getEvent	16	static
../Core/Src/main.c:543:6:seven_segment_driver	24	static
../Core/Src/main.c:561:6:HAL_TIM_PeriodElapsedCallback	16	static
../Core/Src/main.c:577:6:HAL_UART_RxCpltCallback	16	static
../Core/Src/main.c:605:6:Error_Handler	4	static,ignoring_inline_asm
